> Task :app:preBuild UP-TO-DATE
> Task :app:preDebugBuild UP-TO-DATE
> Task :app:mergeDebugNativeDebugMetadata NO-SOURCE
> Task :app:dataBindingMergeDependencyArtifactsDebug UP-TO-DATE
> Task :app:generateDebugResValues UP-TO-DATE
> Task :app:generateDebugResources UP-TO-DATE
> Task :app:mergeDebugResources UP-TO-DATE
> Task :app:packageDebugResources UP-TO-DATE
> Task :app:parseDebugLocalResources UP-TO-DATE
> Task :app:dataBindingGenBaseClassesDebug UP-TO-DATE
> Task :app:javaPreCompileDebug UP-TO-DATE
> Task :app:checkDebugAarMetadata UP-TO-DATE
> Task :app:mapDebugSourceSetPaths UP-TO-DATE
> Task :app:createDebugCompatibleScreenManifests UP-TO-DATE
> Task :app:extractDeepLinksDebug UP-TO-DATE
> Task :app:processDebugMainManifest UP-TO-DATE
> Task :app:processDebugManifest UP-TO-DATE
> Task :app:processDebugManifestForPackage UP-TO-DATE
> Task :app:processDebugResources UP-TO-DATE

> Task :app:compileDebugJavaWithJavac
.\gradlew : D:\FlutterProjects
\MobileApp\app\src\main\java\c
om\example\geotrack\ui\map\Map
Fragment.java:76: error: 
incompatible types: 
SavedLocation cannot be 
converted to CustomLocation
At line:1 char:1
+ .\gradlew assembleDebug > 
build_output.log 2>&1
+ ~~~~~~~~~~~~~~~~~~~~~~~~~~~~
~~~~~~~~~~~~~~~~~~~
    + CategoryInfo          : 
    NotSpecified: (D:\Flutte  
  rProje... CustomLocation:   
 String) [], RemoteExcepti    
on
    + FullyQualifiedErrorId : 
    NativeCommandError
 
                for (com.examp
le.geotrack.data.entity.Custom
Location loc : locations) {
                              
                              
               ^
1 error

> Task :app:compileDebugJavaWithJavac FAILED

[Incubating] Problems report is available at: file:///D:/FlutterProjects/MobileApp/build/reports/problems/problems-report.html

FAILURE: Build failed with an 
exception.

* What went wrong:
Execution failed for task ':ap
p:compileDebugJavaWithJavac'.
> Compilation failed; see the 
compiler output below.
  D:\FlutterProjects\MobileApp
\app\src\main\java\com\example
\geotrack\ui\map\MapFragment.j
ava:76: error: incompatible 
types: SavedLocation cannot 
be converted to CustomLocation
                  for (com.exa
mple.geotrack.data.entity.Cust
omLocation loc : locations) {
                              
                              
                 ^
  1 error

* Try:
> Check your code and 
dependencies to fix the 
compilation error(s)
> Run with --scan to get full 
insights.

Deprecated Gradle features were used in this build, making it incompatible with Gradle 10.0.

You can use '--warning-mode all' to show the individual deprecation warnings and determine if they come from your own scripts or plugins.

For more on this, please refer to https://docs.gradle.org/9.0-milestone-1/userguide/command_line_interface.html#sec:command_line_warnings in the Gradle documentation.

BUILD FAILED in 7s
16 actionable tasks: 1 executed, 15 up-to-date
